src/modules/admin/services/admin.service.ts(81,7): error TS2322: Type '{ id: any; name: any; gymName: any; officialEmail: any; contactPhone: any; location: any; city: any; fullAddress: any; documents: any; status: "Active" | "Suspended" | "Pending"; createdAt: any; joinedAt: any; category: any; isEmergencyMode: any; }[]' is not assignable to type 'GymResponseDTO[]'.
  Type '{ id: any; name: any; gymName: any; officialEmail: any; contactPhone: any; location: any; city: any; fullAddress: any; documents: any; status: "Active" | "Suspended" | "Pending"; createdAt: any; joinedAt: any; category: any; isEmergencyMode: any; }' is not assignable to type 'GymResponseDTO'.
    Types of property 'status' are incompatible.
      Type '"Active" | "Suspended" | "Pending"' is not assignable to type 'GymStatus'.
        Type '"Active"' is not assignable to type 'GymStatus'.
src/modules/auth/external/otpEmail.service.ts(3,34): error TS2307: Cannot find module './IOtpEmailService' or its corresponding type declarations.
